// Jest Snapshot v1, https://goo.gl/fbAQLP

exports[`>>>H O M E --- Snapshot +++capturing Snapshot of Home 1`] = `
<div
  className="signin-container"
>
  <div
    className="animated fadeIn leftwrap center"
    style={
      Object {
        "animationDelay": "0ms",
        "pointerEvents": "all",
      }
    }
  >
    <div
      className="main-container"
    >
      <section
        className="bg"
      >
        <div
          className="container text-center mt-5"
        >
          <span
            className="signintitle"
          >
            Welcome back!
          </span>
          <div
            className="row "
          >
            <div
              className="col-sm-12 col-md-7 col-lg-6"
            >
              <div
                className="align"
              >
                <p
                  className="lead"
                >
                  <span
                    className="sub-in-title"
                  >
                    Dont have an account yet?Â 
                    <a
                      onClick={[Function]}
                      style={Object {}}
                    >
                      Sign up
                    </a>
                  </span>
                </p>
                <form
                  className="loginfrm"
                  onSubmit={[Function]}
                >
                  <div
                    className="row justify-content-center"
                  >
                    
                    <div
                      className="col-md-9 col-sm-8 "
                    >
                      <input
                        className="field w-input"
                        id="email"
                        name="email"
                        onBlur={[Function]}
                        onChange={[Function]}
                        placeholder="Email Address"
                        type="email"
                      />
                      <span
                        className="help-block"
                      >
                        <p
                          className="website-error"
                        >
                          
                        </p>
                      </span>
                    </div>
                    <div
                      className="col-md-9 col-sm-8"
                    >
                      <input
                        className="field w-input "
                        id="password"
                        maxLength={20}
                        name="password"
                        onBlur={[Function]}
                        onChange={[Function]}
                        placeholder="Password"
                        type="password"
                      />
                      <span
                        className="help-block"
                      >
                        <p
                          className="website-error"
                        >
                          
                        </p>
                      </span>
                    </div>
                    <div
                      className="col-md-9 col-sm-8 frmcntl"
                    >
                      <input
                        className="button submit-button w-button btn btn--primary ml-0"
                        disabled={true}
                        style={
                          Object {
                            "cursor": "pointer",
                          }
                        }
                        type="submit"
                        value="Login"
                      />
                    </div>
                    <div>
                      <a
                        onClick={[Function]}
                        style={
                          Object {
                            "padding": "25px",
                          }
                        }
                      >
                        Forgot password?
                      </a>
                    </div>
                  </div>
                </form>
              </div>
            </div>
            <div
              className="vristrue "
            />
            <div
              className="col-md-4 col-lg-4 socio-link"
            >
              <p>
                 
                <br />
              </p>
              <div
                className="mt--2"
              >
                <a
                  className="link-fb "
                  href="undefinedconnect/facebook"
                >
                  <div
                    className="btn btn--icon bg--facebook"
                    to=""
                  >
                    <span
                      className="btn__text "
                    >
                      <i
                        className="socicon socicon-facebook"
                      />
                      Login with Facebook
                    </span>
                  </div>
                </a>
                <p />
                <a
                  className="link"
                  href="undefinedconnect/google"
                >
                  <div
                    className="btn btn--icon bg--googleplus link-go"
                    to=""
                  >
                    <span
                      className="btn__text"
                    >
                      <i
                        className="socicon socicon-google"
                      />
                      Login with Google
                    </span>
                  </div>
                </a>
              </div>
            </div>
          </div>
        </div>
      </section>
    </div>
  </div>
</div>
`;
