// Jest Snapshot v1, https://goo.gl/fbAQLP

exports[`>>>H E A D E R  --- Snapshot +++capturing Snapshot of header 1`] = `
<div
  className="nav-container"
>
  <div>
    <div
      className="bar bar--sm visible-xs"
    >
      <div
        className="container"
      >
        <div
          className="row"
        >
          <div
            className="col-3 col-md-2"
          >
            <a
              onClick={[Function]}
              style={Object {}}
            >
               
              <img
                alt="logo"
                className="logo logo-light"
                src="logo-influence.png"
              />
               
            </a>
          </div>
          <div
            className="col-9 col-md-10 text-right"
          >
            <a
              className="hamburger-toggle"
              data-toggle-class="#menu1;hidden-xs"
              onClick={[Function]}
              style={Object {}}
            >
              <i
                className="icon icon--sm stack-interface stack-menu"
              />
               
            </a>
          </div>
        </div>
      </div>
    </div>
    <nav
      className="bar bar--sm bar-1 hidden-xs bar--transparent"
      id="menu1"
    >
      <div
        className="container pr-0 pl-0"
      >
        <div
          className="row"
        >
          <div
            className="col-lg-2 col-md-3 hidden-xs pl-0 pr-0"
          >
            <div
              className="bar__module"
            >
              <a
                onClick={[Function]}
                style={Object {}}
              >
                 
                <img
                  alt="logo"
                  className="logo logo-light"
                  src="logo-influence.png"
                />
                 
              </a>
            </div>
          </div>
          <div
            className="col-sm-0 pl-0 pr-0"
          />
          <div
            className="col-lg-10 col-md-11 text-right pr-0 pl-0 text-left-xs text-left-sm"
          >
            <div
              className="bar__module "
            >
              <ul
                className="menu-horizontal text-left"
              >
                <li>
                   
                  <a
                    onClick={[Function]}
                    style={Object {}}
                  >
                    How it works
                  </a>
                   
                </li>
                <li>
                   
                  <a
                    onClick={[Function]}
                    style={Object {}}
                  >
                    PRICING
                  </a>
                   
                </li>
                <li>
                   
                  <a
                    href="https://blog.useinfluence.co/"
                    target="_blank"
                  >
                    BLOG
                  </a>
                </li>
              </ul>
            </div>
            <div
              className="bar__module ml-1"
            >
              <a
                className="btn btn--sm type--uppercase"
                onClick={[Function]}
                style={Object {}}
              >
                 
                <span
                  className="btn__text"
                >
                  Login
                </span>
                 
              </a>
              <a
                className="btn btn--sm btn--primary type--uppercase"
                onClick={[Function]}
                style={Object {}}
              >
                 
                <span
                  className="btn__text"
                >
                  sign up
                </span>
                 
              </a>
            </div>
          </div>
        </div>
      </div>
    </nav>
  </div>
</div>
`;
