// Jest Snapshot v1, https://goo.gl/fbAQLP

exports[`>>>D E M O  P A  G E  --- Snapshot +++capturing Snapshot of  customer demo page 1`] = `
<div
  className="main-container"
>
  <section
    className="imagebg image--light cover cover-blocks bg--secondary"
  >
    <div
      className="container"
    >
      <div
        className="col-md-6"
      >
        <form>
          <div
            className="row form-details-1"
          >
            <div
              className="col-md-12 col-lg-12 "
            >
              <div>
                <h1>
                  Let’s start the show
                </h1>
                <p
                  className="lead"
                >
                  Tell us a little bit about yourself, and we’ll tell you a lot more about us.
                </p>
                <hr
                  className="short"
                />
              </div>
            </div>
            <div
              className="col-md-8"
            >
              <input
                name="First Name"
                placeholder="First Name"
                type="text"
              />
            </div>
            <div
              className="col-md-8"
            >
              <input
                name="Last Name"
                placeholder="Last Name"
                type="text"
              />
            </div>
            <div
              className="col-md-8"
            >
              <input
                name="Email Address"
                placeholder="Email"
                type="email"
              />
            </div>
            <div
              className="col-md-8"
            >
              <input
                name="Phone Number"
                placeholder="Phone"
                type="number"
              />
            </div>
            <div
              className="col-md-8"
            >
              <button
                className="btn btn--primary col-md-12 ml-0"
                name="schedule"
                onClick={[Function]}
                type="button"
              >
                Schedule a demo
              </button>
            </div>
          </div>
          
          
        </form>
      </div>
    </div>
  </section>
</div>
`;
