// Jest Snapshot v1, https://goo.gl/fbAQLP

exports[`>>> Campaign --- Snapshot +++capturing Snapshot of Campaign 1`] = `
<div
  className="content fill campaign-container"
>
  <div
    className="container"
  >
    <div
      className="row"
    >
      <div
        className="col-md-12"
      >
        <div
          className="card-box"
        >
          <h4
            className="header-title"
          >
            Create Your Campaign
          </h4>
          <hr />
          <form>
            <div
              className="row"
            >
              <div
                className="col-md-6"
              >
                <div
                  className="form-group"
                >
                  <label
                    className="text-muted h6 control-label"
                  >
                    Name
                  </label>
                  <input
                    id="campaignname"
                    name="campaignname"
                    placeholder="example: Acme Co, Blog, Online Store"
                    required={true}
                    type="text"
                  />
                  <span
                    className="help-block"
                  >
                    <p
                      className="website-error"
                    />
                  </span>
                </div>
              </div>
              <div
                className="col-md-6"
              >
                <div
                  className="form-group"
                >
                  <label
                    className="text-muted h6 control-label"
                  >
                    Website URL
                  </label>
                  <input
                    id="website"
                    name="website"
                    placeholder="http://"
                    required={true}
                    type="text"
                  />
                  <span
                    className="help-block"
                  >
                    <p
                      className="website-error"
                    />
                  </span>
                </div>
              </div>
            </div>
            <div
              className="row"
            >
              <div
                className="col-md-6"
              >
                <div
                  className="form-group"
                >
                  <label
                    className="text-muted h6 control-label"
                  >
                    Conversions per day
                  </label>
                   Â 
                  <i
                    className="fa fa-info-circle"
                    data-delay="{\\"show\\":\\"0\\", \\"hide\\":\\"100\\"}"
                    data-toggle="tooltip"
                    height="50px"
                    title="Fill in for better monitoring"
                    width="50px"
                  >
                     
                  </i>
                  <input
                    id="averageCustomer"
                    name="averageCustomer"
                    placeholder="Number of customer Signups"
                    required={true}
                    type="number"
                  />
                  <span
                    className="help-block"
                  >
                    <p
                      className="website-error"
                    />
                  </span>
                </div>
              </div>
            </div>
            <button
              className="btn btn-primary waves-light waves-effect newcamp-btn ml-2 pl-4 pr-4"
              type="submit"
            >
               Create Your Campaign 
            </button>
            <div
              className="clearfix"
            />
          </form>
        </div>
      </div>
    </div>
  </div>
</div>
`;
