// Jest Snapshot v1, https://goo.gl/fbAQLP

exports[`>>>T E R M S --- Snapshot +++capturing Snapshot of terms 1`] = `
<div
  className="content fill profile-container"
>
  <div
    className="container-fluid"
  >
    <div
      className="col-sm-12"
    >
      <div
        className="profile-user-box card-box"
      >
        <div
          className="row"
        >
          <div
            className="col-sm-2"
          >
            <span
              className="pull-left mr-3"
            >
              <img
                alt="User profile"
                className="thumb-lg rounded-circle"
                src="https://x1.xingassets.com/assets/frontend_minified/img/users/nobody_m.original.jpg"
              />
            </span>
            <div
              className=" media-body text-white"
            >
              <h4
                className="mt-1 mb-1 font-18"
              >
                Username
              </h4>
              <p
                className="text-light mb-0"
              >
                Country
              </p>
            </div>
          </div>
          <div
            className="col-sm-8"
          >
            <div
              className="card-box tilebox-one text-center  "
            >
              <h6
                className="text-muted text-uppercase mt-0"
              >
                Plan Type 
              </h6>
              <h3>
                 
              </h3>
            </div>
          </div>
          <div
            className="col-md-2"
          >
            <div
              className="profbtn"
            >
              <button
                className="btn btn-block btn-primary waves-light waves-effect upgrade1"
                onClick={[Function]}
                type="button"
              >
                Upgrade
              </button>
              <div>
                 
                <br />
              </div>
              <button
                className="btn btn-block btn-primary waves-light waves-effect billing1"
                onClick={[Function]}
                type="button"
              >
                Billing
              </button>
            </div>
          </div>
        </div>
      </div>
    </div>
    <div
      className="row"
    >
      <div
        className="col-md-12"
      >
        <h4
          className="header-title m-b-20"
        >
          Personal Information
        </h4>
        <div
          className="panel-body"
        >
          <hr />
          <div
            className="text-left"
          >
            <form>
              <div
                className="row"
              >
                <div
                  className="col-md-6"
                >
                  <span
                    className="text-muted font-13 p mt-5"
                  >
                    <strong>
                      First Name :
                    </strong>
                     
                  </span>
                  <div
                    className="form-group"
                  >
                    <input
                      autoComplete="given-name"
                      className="form-control"
                      id="firstName"
                      onChange={[Function]}
                      placeholder="First Name"
                      type="text"
                      value=""
                    />
                  </div>
                </div>
                <div
                  className="col-md-6"
                >
                  <span
                    className="text-muted font-13 p"
                  >
                    <strong>
                      Last Name :
                    </strong>
                     
                  </span>
                  <div
                    className="form-group"
                  >
                    <input
                      autoComplete="family-name"
                      className="form-control"
                      id="lastName"
                      onChange={[Function]}
                      placeholder="Last Name"
                      type="text"
                      value=""
                    />
                  </div>
                </div>
              </div>
              <div
                className="row"
              >
                <div
                  className="col-md-6"
                >
                  <span
                    className="text-muted font-13 p"
                  >
                    <strong>
                      Phone :
                    </strong>
                     
                  </span>
                  <div
                    className="form-group"
                  >
                    <input
                      autoComplete="tel-national"
                      className="form-control"
                      id="phoneNumber"
                      onChange={[Function]}
                      placeholder="Phone Number"
                      type="number"
                      value=""
                    />
                  </div>
                </div>
                <div
                  className="col-md-6"
                >
                  <span
                    className="text-muted font-13 p"
                  >
                    <strong>
                      Email :
                    </strong>
                     
                  </span>
                  <div
                    className="form-group"
                  >
                    <input
                      autoComplete="email"
                      className="form-control"
                      disabled={true}
                      id="email"
                      placeholder="Email Address"
                      type="text"
                    />
                  </div>
                </div>
              </div>
              <div
                className="row"
              >
                <div
                  className="col-md-6"
                >
                  <span
                    className="text-muted font-13 p"
                  >
                    <strong>
                      Address :
                    </strong>
                     
                  </span>
                  <div
                    className="form-group"
                  >
                    <input
                      autoComplete="address-line2"
                      className="form-control"
                      id="address"
                      onChange={[Function]}
                      placeholder="Billing Address"
                      type="text"
                      value=""
                    />
                  </div>
                </div>
                <div
                  className="col-md-6"
                >
                  <span
                    className="text-muted font-13 p"
                  >
                    <strong>
                      Country :
                    </strong>
                     
                  </span>
                  <div
                    className="form-group"
                  >
                    <select
                      autoComplete="country-name"
                      className="form-control"
                      id="formControlsSelect"
                      onChange={[Function]}
                      placeholder="Country Name"
                      value=""
                    >
                      <option
                        value={null}
                      >
                        Select Country
                      </option>
                    </select>
                  </div>
                </div>
              </div>
              <div
                className="row"
              >
                <div
                  className="col-md-6"
                >
                  <span
                    className="text-muted font-13 p"
                  >
                    <strong>
                      States :
                    </strong>
                     
                  </span>
                  <div
                    className="form-group"
                  >
                    <select
                      autoComplete="address-level1"
                      className="form-control"
                      id="formfBillinControlsSelect"
                      onChange={[Function]}
                      placeholder="States"
                      value=""
                    >
                      <option
                        value={null}
                      >
                        Select State
                      </option>
                    </select>
                  </div>
                </div>
                <div
                  className="col-md-6"
                >
                  <span
                    className="text-muted font-13 p"
                  >
                    <strong>
                      City :
                    </strong>
                     
                  </span>
                  <div
                    className="form-group"
                  >
                    <select
                      autoComplete="address-level2"
                      className="form-control"
                      id="formControlsSelect"
                      onChange={[Function]}
                      placeholder="City"
                      value=""
                    >
                      <option
                        value={null}
                      >
                        Select City
                      </option>
                    </select>
                  </div>
                </div>
              </div>
              <div
                className="row"
              >
                <div
                  className="col-md-6"
                >
                  <span
                    className="text-muted font-13 p"
                  >
                    <strong>
                      Company :
                    </strong>
                     
                  </span>
                  <div
                    className="form-group"
                  >
                    <input
                      autoComplete="organization"
                      className="form-control"
                      id="companyName"
                      onChange={[Function]}
                      placeholder="Company Name"
                      type="text"
                      value=""
                    />
                  </div>
                </div>
              </div>
              <div
                className="col-md-12"
              >
                <div
                  className="text-right save"
                >
                  <button
                    className="btn btn-primary waves-effect"
                    onClick={[Function]}
                    type="button"
                  >
                    <i
                      className="mdi mdi-account-settings-variant mr-1"
                    />
                      
                    Save Profile
                  </button>
                </div>
              </div>
            </form>
          </div>
        </div>
      </div>
    </div>
  </div>
  <div />
</div>
`;
