// Jest Snapshot v1, https://goo.gl/fbAQLP

exports[`>>>T E R M S --- Snapshot +++capturing Snapshot of terms 1`] = `
<div
  className="left side-menu"
>
  <div>
    <div
      className="user-box"
    >
      <h5 />
      <p
        className="text-muted"
      />
    </div>
    <div
      className="topbar-left mt-3 ml-2 pt-2 pl-2"
      style={
        Object {
          "width": "200px",
        }
      }
    >
      <a
        className="logo "
        onClick={[Function]}
        style={Object {}}
      >
        <span>
          <img
            alt="influence-img"
            className="ml-2"
            height="40"
            src="newlogo-6.png"
          />
        </span>
      </a>
    </div>
    <div
      id="sidebar-menu"
    >
      <div
        className="button-list ml-2 pl-2"
      >
        <a
          onClick={[Function]}
          style={Object {}}
        >
          <button
            className="btn btn-primary waves-effect  addnew-btn  ml-4 p-2  pt-0 pb-0  w-lg "
            type="button"
          >
            <i
              className="fi-plus "
            />
            Â 
             
            <span
              className="h6"
            >
              New
            </span>
             
          </button>
        </a>
      </div>
      <ul
        className="metismenu mt-5"
        id="side-menu"
      >
        <li
          className="/dashboard"
        >
          <a
            className="nav-link"
            onClick={[Function]}
            style={Object {}}
          >
            <i
              className="fi-air-play"
            />
            <span>
              Home
            </span>
          </a>
        </li>
        <li
          className="/campaigns"
        >
          <a
            className="nav-link"
            onClick={[Function]}
            style={Object {}}
          >
            <i
              className="fi-layers"
            />
            <span>
              Campaigns
            </span>
          </a>
        </li>
        <li
          className="/analytics"
        >
          <a
            className="nav-link"
            onClick={[Function]}
            style={Object {}}
          >
            <i
              className="fi-bar-graph-2"
            />
            <span>
              Analytics
            </span>
          </a>
        </li>
        <li
          className="/integrations"
        >
          <a
            className="nav-link"
            onClick={[Function]}
            style={Object {}}
          >
            <i
              className="fi-command"
            />
            <span>
              Integrations
            </span>
          </a>
        </li>
        <div
          className="custombottom ml-2 mb-5"
        >
          <hr />
          <div
            className="pt-4 col-md-12"
          >
            <div
              className="text-center"
            >
              <div
                className="progress"
              >
                <div
                  aria-valuemax={100}
                  aria-valuemin={0}
                  aria-valuenow={0}
                  className="progress-bar progress-bar-info active progress-bar-striped"
                  role="progressbar"
                  style={
                    Object {
                      "width": "0%",
                    }
                  }
                />
              </div>
            </div>
            <div
              className="ml-4 "
            >
              <p
                className="textColor"
              >
                0
                 % consumed.
              </p>
            </div>
            <hr />
          </div>
        </div>
      </ul>
    </div>
    <div
      className="clearfix"
    />
  </div>
</div>
`;
