// Jest Snapshot v1, https://goo.gl/fbAQLP

exports[`>>> Spinner --- Snapshot +++capturing Snapshot of Spinner 1`] = `
<div
  className="customer-loader"
  style={
    Object {
      "display": "none",
      "width": "100%",
    }
  }
>
  <div
    className="sk-wave"
  >
    <div
      className="sk-rect sk-rect1"
    />
    <div
      className="sk-rect sk-rect2"
    />
    <div
      className="sk-rect sk-rect3"
    />
    <div
      className="sk-rect sk-rect4"
    />
    <div
      className="sk-rect sk-rect5"
    />
  </div>
</div>
`;
